Microchip MPLAB XC8 Compiler V2.32

Linker command line:

--edf=C:\Program Files\Microchip\xc8\v2.32\pic\dat\en_msgs.txt -cn \
  -h+dist/default/production\Gardengate_v4_LED.X.production.sym \
  --cmf=dist/default/production\Gardengate_v4_LED.X.production.cmf -z \
  -Q12LF1822 -oC:\Users\henrik\AppData\Local\Temp\xcAs7vo.4 \
  --defsym=__MPLAB_BUILD=1 \
  -Mdist/default/production/Gardengate_v4_LED.X.production.map -E1 \
  -ver=XC8 Compiler --acfsm=1493 -ASTACK=02026h-0206Fh -pstack=STACK \
  -ACODE=00h-07FFh -ASTRCODE=00h-07FFh -ASTRING=00h-0FFhx8 \
  -ACONST=00h-0FFhx8 -AENTRY=00h-0FFhx8 -ACOMMON=070h-07Fh \
  -ABANK0=021h-06Fh -ABANK1=0A0h-0BFh -ABIGRAM=02001h-0206Fh \
  -ARAM=021h-06Fh,0A0h-0BFh -AABS1=020h-07Fh,0A0h-0BFh -ASFR0=00h-020h \
  -ASFR1=080h-09Fh -ASFR2=0100h-016Fh -ASFR3=0180h-01EFh -ASFR4=0200h-026Fh \
  -ASFR5=0280h-02EFh -ASFR6=0300h-036Fh -ASFR7=0380h-03EFh \
  -ASFR8=0400h-046Fh -ASFR9=0480h-04EFh -ASFR10=0500h-056Fh \
  -ASFR11=0580h-05EFh -ASFR12=0600h-066Fh -ASFR13=0680h-06EFh \
  -ASFR14=0700h-076Fh -ASFR15=0780h-07EFh -ASFR16=0800h-086Fh \
  -ASFR17=0880h-08EFh -ASFR18=0900h-096Fh -ASFR19=0980h-09EFh \
  -ASFR20=0A00h-0A6Fh -ASFR21=0A80h-0AEFh -ASFR22=0B00h-0B6Fh \
  -ASFR23=0B80h-0BEFh -ASFR24=0C00h-0C6Fh -ASFR25=0C80h-0CEFh \
  -ASFR26=0D00h-0D6Fh -ASFR27=0D80h-0DEFh -ASFR28=0E00h-0E6Fh \
  -ASFR29=0E80h-0EEFh -ASFR30=0F00h-0F6Fh -ASFR31=0F80h-0FEFh \
  -ACONFIG=08007h-08008h -DCONFIG=2 -AIDLOC=08000h-08003h -DIDLOC=2 \
  -AEEDATA=00h-0FFh/0F000h -peeprom_data=EEDATA -DEEDATA=2 -DCODE=2 \
  -DSTRCODE=2 -DSTRING=2 -DCONST=2 -DENTRY=2 \
  -preset_vec=00h,intentry=04h,init,end_init -ppowerup=CODE -pcinit=CODE \
  -pfunctab=ENTRY -k C:\Users\henrik\AppData\Local\Temp\xcAs7vo.o \
  dist/default/production\Gardengate_v4_LED.X.production.o 

Object code version is 3.11

Machine type is 12LF1822



                Name                               Link     Load   Length Selector   Space Scale
C:\Users\henrik\AppData\Local\Temp\xcAs7vo.o
                end_init                             74       74        1        8       0
                init                                 71       71        3        8       0
                reset_vec                             0        0        2        0       0
                config                             8007     8007        2        0       4
dist/default/production\Gardengate_v4_LED.X.production.o
                cinit                                75       75       16        8       0
                intentry                              4        4       6D        8       0
                config                             8007     8007        2        0       4
                codecov_info                          0        0     1638        0       6
                codecov_info_hdr                      0        0       10        0       6
                text14                              36F      36F       60        8       0
                text13                              44F      44F        3        8       0
                text12                              447      447        5        8       0
                text11                              44C      44C        3        8       0
                text10                              442      442        5        8       0
                text9                               3CF      3CF       36        8       0
                text8                               434      434        8        8       0
                text7                               42C      42C        8        8       0
                text6                               424      424        8        8       0
                text5                               41C      41C        8        8       0
                text4                               414      414        8        8       0
                text3                               2F4      2F4       7B        8       0
                text2                                8B       8B      16F        8       0
                text1                               405      405        F        8       0
                maintext                            1FA      1FA       FA        8       0
                cstackBANK0                          3E       3E        8       21       1
                cstackCOMMON                         73       73        9       70       1
                clrtext                             43C      43C        6        8       0
                bssBANK0                             26       26       18       21       1
                bitbssBANK0                         108       21       21       21       1     8
                bssCOMMON                            7C       7C        2       70       1
                bitbssCOMMON                        380       70       18       70       1     8

TOTAL           Name                               Link     Load   Length     Space
        CLASS   STACK          

        CLASS   CODE           
                end_init                             74       74        1         0
                cinit                                75       75       16         0
                init                                 71       71        3         0
                intentry                              4        4       6D         0
                reset_vec                             0        0        2         0
                text14                              36F      36F       60         0
                text13                              44F      44F        3         0
                text12                              447      447        5         0
                text11                              44C      44C        3         0
                text10                              442      442        5         0
                text9                               3CF      3CF       36         0
                text8                               434      434        8         0
                text7                               42C      42C        8         0
                text6                               424      424        8         0
                text5                               41C      41C        8         0
                text4                               414      414        8         0
                text3                               2F4      2F4       7B         0
                text2                                8B       8B      16F         0
                text1                               405      405        F         0
                maintext                            1FA      1FA       FA         0
                clrtext                             43C      43C        6         0

        CLASS   STRCODE        

        CLASS   STRING         

        CLASS   CONST          

        CLASS   ENTRY          

        CLASS   COMMON         
                cstackCOMMON                         73       73        9         1
                bssCOMMON                            7C       7C        2         1
                bitbssCOMMON                        380       70       18         1

        CLASS   BANK0          
                cstackBANK0                          3E       3E        8         1
                bssBANK0                             26       26       18         1
                bitbssBANK0                         108       21       21         1

        CLASS   BANK1          

        CLASS   BIGRAM         

        CLASS   RAM            

        CLASS   ABS1           
                abs_s1                               7E       7E        2         1

        CLASS   SFR0           

        CLASS   SFR1           

        CLASS   SFR2           

        CLASS   SFR3           

        CLASS   SFR4           

        CLASS   SFR5           

        CLASS   SFR6           

        CLASS   SFR7           

        CLASS   SFR8           

        CLASS   SFR9           

        CLASS   SFR10          

        CLASS   SFR11          

        CLASS   SFR12          

        CLASS   SFR13          

        CLASS   SFR14          

        CLASS   SFR15          

        CLASS   SFR16          

        CLASS   SFR17          

        CLASS   SFR18          

        CLASS   SFR19          

        CLASS   SFR20          

        CLASS   SFR21          

        CLASS   SFR22          

        CLASS   SFR23          

        CLASS   SFR24          

        CLASS   SFR25          

        CLASS   SFR26          

        CLASS   SFR27          

        CLASS   SFR28          

        CLASS   SFR29          

        CLASS   SFR30          

        CLASS   SFR31          

        CLASS   CONFIG         
                config                             8007     8007        2         4

        CLASS   IDLOC          

        CLASS   EEDATA         

        CLASS   BANK31         

        CLASS   BANK30         

        CLASS   BANK29         

        CLASS   BANK28         

        CLASS   BANK27         

        CLASS   BANK26         

        CLASS   BANK25         

        CLASS   BANK24         

        CLASS   BANK23         

        CLASS   BANK22         

        CLASS   BANK21         

        CLASS   BANK20         

        CLASS   BANK19         

        CLASS   BANK18         

        CLASS   BANK17         

        CLASS   BANK16         

        CLASS   BANK15         

        CLASS   BANK14         

        CLASS   BANK13         

        CLASS   BANK12         

        CLASS   BANK11         

        CLASS   BANK10         

        CLASS   BANK9          

        CLASS   BANK8          

        CLASS   BANK7          

        CLASS   BANK6          

        CLASS   BANK5          

        CLASS   BANK4          

        CLASS   BANK3          

        CLASS   BANK2          

        CLASS   UNCLASSED
                codecov_info                          0        0     1638         6
                codecov_info_hdr                      0        0       10         6


SEGMENTS        Name                           Load    Length   Top    Selector   Space  Class     Delta

                reset_vec                      000000  000002  000002         0       0  CODE        2
                intentry                       000004  00044E  000452         8       0  CODE        2
                bitbssBANK0                    000021  000025  000046        21       1  BANK0       1
                bitbssCOMMON                   000070  00000E  00007E        70       1  COMMON      1


UNUSED ADDRESS RANGES

        Name                Unused          Largest block    Delta
        BANK0            00046-0006F              2A           1
        BANK1            000A0-000BF              20           1
        BIGRAM           02001-0206F              6F           1
        CODE             00002-00003               2           2
                         00452-007FF             3AE
        CONST            00002-00003               2           2
                         00452-007FF             100
        EEDATA           0F000-0F0FF             100           2
        ENTRY            00002-00003               2           2
                         00452-007FF             100
        IDLOC            08000-08003               4           2
        RAM              00046-0006F              2A           1
                         000A0-000BF              20
        SFR0             00000-00020              21           1
        SFR1             00080-0009F              20           1
        SFR10            00500-0056F              70           1
        SFR11            00580-005EF              70           1
        SFR12            00600-0066F              70           1
        SFR13            00680-006EF              70           1
        SFR14            00700-0076F              70           1
        SFR15            00780-007EF              70           1
        SFR16            00800-0086F              70           1
        SFR17            00880-008EF              70           1
        SFR18            00900-0096F              70           1
        SFR19            00980-009EF              70           1
        SFR2             00100-0016F              70           1
        SFR20            00A00-00A6F              70           1
        SFR21            00A80-00AEF              70           1
        SFR22            00B00-00B6F              70           1
        SFR23            00B80-00BEF              70           1
        SFR24            00C00-00C6F              70           1
        SFR25            00C80-00CEF              70           1
        SFR26            00D00-00D6F              70           1
        SFR27            00D80-00DEF              70           1
        SFR28            00E00-00E6F              70           1
        SFR29            00E80-00EEF              70           1
        SFR3             00180-001EF              70           1
        SFR30            00F00-00F6F              70           1
        SFR31            00F80-00FEF              70           1
        SFR4             00200-0026F              70           1
        SFR5             00280-002EF              70           1
        SFR6             00300-0036F              70           1
        SFR7             00380-003EF              70           1
        SFR8             00400-0046F              70           1
        SFR9             00480-004EF              70           1
        STACK            02026-0206F              4A           1
        STRCODE          00002-00003               2           2
                         00452-007FF             3AE
        STRING           00002-00003               2           2
                         00452-007FF             100

                                  Symbol Table

?___awdiv                              cstackCOMMON     00075
?_getBatteryVoltage                    cstackCOMMON     00075
_ADCON0bits                            (abs)            0009D
_ADCON1bits                            (abs)            0009E
_ADRESH                                (abs)            0009C
_ADRESL                                (abs)            0009B
_ANSELA                                (abs)            0018C
_ANSELAbits                            (abs)            0018C
_APFCON0bits                           (abs)            0011D
_BRG16                                 (abs)            00CFB
_BRGH                                  (abs)            00CF2
_BatteryVoltage                        bssCOMMON        0007C
_CM1CON0bits                           (abs)            00111
_DoorStateAfterPrel                    bssBANK0         0003A
_DoorStateBeforePrel                   bssBANK0         0003B
_FVRCON                                (abs)            00117
_FVRCONbits                            (abs)            00117
_INTCONbits                            (abs)            0000B
_INTE                                  (abs)            0005C
_INTF                                  (abs)            00059
_IOCAF                                 (abs)            00393
_LATAbits                              (abs)            0010C
_MDCARHbits                            (abs)            0039F
_MDCARLbits                            (abs)            0039E
_MDCONbits                             (abs)            0039C
_MDSRCbits                             (abs)            0039D
_NewDoorPolarity                       bitbssCOMMON     00396
_NewStateChangeDetected                bitbssCOMMON     00397
_OPTION_REGbits                        (abs)            00095
_OSCCONbits                            (abs)            00099
_PIE1bits                              (abs)            00091
_PIR1                                  (abs)            00011
_PIR1bits                              (abs)            00011
_PIR2                                  (abs)            00012
_PORTAbits                             (abs)            0000C
_PSTR1CONbits                          (abs)            00296
_RCSTAbits                             (abs)            0019D
_SCKP                                  (abs)            00CFC
_SPBRG                                 (abs)            0019B
_SPEN                                  (abs)            00CEF
_SRCON0bits                            (abs)            0011A
_SSP1CON1bits                          (abs)            00215
_SYNC                                  (abs)            00CF4
_T2CONbits                             (abs)            0001C
_TRISAbits                             (abs)            0008C
_TXEN                                  (abs)            00CF5
_TXIF                                  (abs)            0008C
_TXREG                                 (abs)            0019A
_TXSTAbits                             (abs)            0019E
_WDTCONbits                            (abs)            00097
_WPUAbits                              (abs)            0020C
_WakeUpCounter                         bssBANK0         00026
__Habs1                                abs1             00000
__Hbank0                               bank0            00000
__Hbank1                               bank1            00000
__Hbank10                              bank10           00000
__Hbank11                              bank11           00000
__Hbank12                              bank12           00000
__Hbank13                              bank13           00000
__Hbank14                              bank14           00000
__Hbank15                              bank15           00000
__Hbank16                              bank16           00000
__Hbank17                              bank17           00000
__Hbank18                              bank18           00000
__Hbank19                              bank19           00000
__Hbank2                               bank2            00000
__Hbank20                              bank20           00000
__Hbank21                              bank21           00000
__Hbank22                              bank22           00000
__Hbank23                              bank23           00000
__Hbank24                              bank24           00000
__Hbank25                              bank25           00000
__Hbank26                              bank26           00000
__Hbank27                              bank27           00000
__Hbank28                              bank28           00000
__Hbank29                              bank29           00000
__Hbank3                               bank3            00000
__Hbank30                              bank30           00000
__Hbank31                              bank31           00000
__Hbank4                               bank4            00000
__Hbank5                               bank5            00000
__Hbank6                               bank6            00000
__Hbank7                               bank7            00000
__Hbank8                               bank8            00000
__Hbank9                               bank9            00000
__Hbigram                              bigram           00000
__HbitbssBANK0                         bitbssBANK0      00000
__HbitbssCOMMON                        bitbssCOMMON     00000
__HbssBANK0                            bssBANK0         00000
__HbssCOMMON                           bssCOMMON        00000
__Hcinit                               cinit            0008B
__Hclrtext                             clrtext          00000
__Hcode                                code             00000
__Hcodecov_info                        codecov_info     01638
__Hcodecov_info_hdr                    codecov_info_hdr 00010
__Hcommon                              common           00000
__Hconfig                              config           08009
__HcstackBANK0                         cstackBANK0      00000
__HcstackCOMMON                        cstackCOMMON     00000
__Heeprom_data                         eeprom_data      00000
__Hend_init                            end_init         00075
__Hfunctab                             functab          00000
__Hinit                                init             00074
__Hintentry                            intentry         00071
__Hmaintext                            maintext         00000
__Hpowerup                             powerup          00000
__Hram                                 ram              00000
__Hreset_vec                           reset_vec        00002
__Hsfr0                                sfr0             00000
__Hsfr1                                sfr1             00000
__Hsfr10                               sfr10            00000
__Hsfr11                               sfr11            00000
__Hsfr12                               sfr12            00000
__Hsfr13                               sfr13            00000
__Hsfr14                               sfr14            00000
__Hsfr15                               sfr15            00000
__Hsfr16                               sfr16            00000
__Hsfr17                               sfr17            00000
__Hsfr18                               sfr18            00000
__Hsfr19                               sfr19            00000
__Hsfr2                                sfr2             00000
__Hsfr20                               sfr20            00000
__Hsfr21                               sfr21            00000
__Hsfr22                               sfr22            00000
__Hsfr23                               sfr23            00000
__Hsfr24                               sfr24            00000
__Hsfr25                               sfr25            00000
__Hsfr26                               sfr26            00000
__Hsfr27                               sfr27            00000
__Hsfr28                               sfr28            00000
__Hsfr29                               sfr29            00000
__Hsfr3                                sfr3             00000
__Hsfr30                               sfr30            00000
__Hsfr31                               sfr31            00000
__Hsfr4                                sfr4             00000
__Hsfr5                                sfr5             00000
__Hsfr6                                sfr6             00000
__Hsfr7                                sfr7             00000
__Hsfr8                                sfr8             00000
__Hsfr9                                sfr9             00000
__Hspace_0                             (abs)            00452
__Hspace_1                             (abs)            00398
__Hspace_2                             (abs)            00000
__Hspace_3                             (abs)            00000
__Hspace_4                             (abs)            10010
__Hstack                               stack            00000
__Hstrings                             strings          00000
__Htext                                text             00000
__Labs1                                abs1             00000
__Lbank0                               bank0            00000
__Lbank1                               bank1            00000
__Lbank10                              bank10           00000
__Lbank11                              bank11           00000
__Lbank12                              bank12           00000
__Lbank13                              bank13           00000
__Lbank14                              bank14           00000
__Lbank15                              bank15           00000
__Lbank16                              bank16           00000
__Lbank17                              bank17           00000
__Lbank18                              bank18           00000
__Lbank19                              bank19           00000
__Lbank2                               bank2            00000
__Lbank20                              bank20           00000
__Lbank21                              bank21           00000
__Lbank22                              bank22           00000
__Lbank23                              bank23           00000
__Lbank24                              bank24           00000
__Lbank25                              bank25           00000
__Lbank26                              bank26           00000
__Lbank27                              bank27           00000
__Lbank28                              bank28           00000
__Lbank29                              bank29           00000
__Lbank3                               bank3            00000
__Lbank30                              bank30           00000
__Lbank31                              bank31           00000
__Lbank4                               bank4            00000
__Lbank5                               bank5            00000
__Lbank6                               bank6            00000
__Lbank7                               bank7            00000
__Lbank8                               bank8            00000
__Lbank9                               bank9            00000
__Lbigram                              bigram           00000
__LbitbssBANK0                         bitbssBANK0      00000
__LbitbssCOMMON                        bitbssCOMMON     00000
__LbssBANK0                            bssBANK0         00000
__LbssCOMMON                           bssCOMMON        00000
__Lcinit                               cinit            00075
__Lclrtext                             clrtext          00000
__Lcode                                code             00000
__Lcodecov_info                        codecov_info     00000
__Lcodecov_info_hdr                    codecov_info_hdr 00000
__Lcommon                              common           00000
__Lconfig                              config           00000
__LcstackBANK0                         cstackBANK0      00000
__LcstackCOMMON                        cstackCOMMON     00000
__Leeprom_data                         eeprom_data      00000
__Lend_init                            end_init         00074
__Lfunctab                             functab          00000
__Linit                                init             00071
__Lintentry                            intentry         00004
__Lmaintext                            maintext         00000
__Lpowerup                             powerup          00000
__Lram                                 ram              00000
__Lreset_vec                           reset_vec        00000
__Lsfr0                                sfr0             00000
__Lsfr1                                sfr1             00000
__Lsfr10                               sfr10            00000
__Lsfr11                               sfr11            00000
__Lsfr12                               sfr12            00000
__Lsfr13                               sfr13            00000
__Lsfr14                               sfr14            00000
__Lsfr15                               sfr15            00000
__Lsfr16                               sfr16            00000
__Lsfr17                               sfr17            00000
__Lsfr18                               sfr18            00000
__Lsfr19                               sfr19            00000
__Lsfr2                                sfr2             00000
__Lsfr20                               sfr20            00000
__Lsfr21                               sfr21            00000
__Lsfr22                               sfr22            00000
__Lsfr23                               sfr23            00000
__Lsfr24                               sfr24            00000
__Lsfr25                               sfr25            00000
__Lsfr26                               sfr26            00000
__Lsfr27                               sfr27            00000
__Lsfr28                               sfr28            00000
__Lsfr29                               sfr29            00000
__Lsfr3                                sfr3             00000
__Lsfr30                               sfr30            00000
__Lsfr31                               sfr31            00000
__Lsfr4                                sfr4             00000
__Lsfr5                                sfr5             00000
__Lsfr6                                sfr6             00000
__Lsfr7                                sfr7             00000
__Lsfr8                                sfr8             00000
__Lsfr9                                sfr9             00000
__Lspace_0                             (abs)            00000
__Lspace_1                             (abs)            00000
__Lspace_2                             (abs)            00000
__Lspace_3                             (abs)            00000
__Lspace_4                             (abs)            00000
__Lstack                               stack            00000
__Lstrings                             strings          00000
__Ltext                                text             00000
__S0                                   (abs)            00452
__S1                                   (abs)            0007E
__S2                                   (abs)            00000
__S3                                   (abs)            00000
___awdiv                               text14           0036F
___awdiv@counter                       cstackBANK0      0003E
___awdiv@dividend                      cstackCOMMON     00077
___awdiv@divisor                       cstackCOMMON     00075
___awdiv@quotient                      cstackBANK0      00040
___awdiv@sign                          cstackBANK0      0003F
___int_sp                              stack            00000
___latbits                             (abs)            00000
___powerdown                           (abs)            00103
___resetbits                           (abs)            00020
___sp                                  stack            00000
___stackhi                             (abs)            0206F
___stacklo                             (abs)            02026
___timeout                             (abs)            00104
__ccov100_end_blk13                    text3            0034F
__ccov100_start_blk13                  text3            0034A
__ccov101_end_blk14                    text3            00354
__ccov101_start_blk14                  text3            0034F
__ccov102_end_blk16                    text3            00362
__ccov102_start_blk16                  text3            00354
__ccov103_end_blk17                    text3            00367
__ccov103_start_blk17                  text3            00362
__ccov104_end_blk18                    text3            0036C
__ccov104_start_blk18                  text3            00367
__ccov105_end_blk22                    text3            0036D
__ccov105_start_blk22                  text3            0036C
__ccov106_end_blk24                    text3            0036F
__ccov106_start_blk24                  text3            0036D
__ccov107_end_blk0                     text11           0044D
__ccov107_start_blk0                   text11           0044C
__ccov108_end_blk1                     text11           0044F
__ccov108_start_blk1                   text11           0044D
__ccov109_end_blk0                     text13           00450
__ccov109_start_blk0                   text13           0044F
__ccov10_end_blk9                      maintext         0020A
__ccov10_start_blk9                    maintext         00209
__ccov110_end_blk1                     text13           00452
__ccov110_start_blk1                   text13           00450
__ccov113_end_blk0                     intentry         0000A
__ccov113_start_blk0                   intentry         00004
__ccov114_end_blk1                     intentry         00010
__ccov114_start_blk1                   intentry         0000A
__ccov115_end_blk3                     intentry         0001A
__ccov115_start_blk3                   intentry         00010
__ccov116_end_blk5                     intentry         0001B
__ccov116_start_blk5                   intentry         0001A
__ccov117_end_blk6                     intentry         0001D
__ccov117_start_blk6                   intentry         0001B
__ccov118_end_blk7                     intentry         00022
__ccov118_start_blk7                   intentry         0001D
__ccov119_end_blk10                    intentry         00035
__ccov119_start_blk10                  intentry         00022
__ccov11_end_blk10                     maintext         0020C
__ccov11_start_blk10                   maintext         0020A
__ccov120_end_blk11                    intentry         00038
__ccov120_start_blk11                  intentry         00035
__ccov121_end_blk12                    intentry         0003D
__ccov121_start_blk12                  intentry         00038
__ccov122_end_blk13                    intentry         00043
__ccov122_start_blk13                  intentry         0003D
__ccov123_end_blk14                    intentry         00050
__ccov123_start_blk14                  intentry         00043
__ccov124_end_blk15                    intentry         00056
__ccov124_start_blk15                  intentry         00050
__ccov125_end_blk16                    intentry         00064
__ccov125_start_blk16                  intentry         00056
__ccov126_end_blk17                    intentry         0006A
__ccov126_start_blk17                  intentry         00064
__ccov127_end_blk19                    intentry         0006D
__ccov127_start_blk19                  intentry         0006A
__ccov128_end_blk22                    intentry         00071
__ccov128_start_blk22                  intentry         0006D
__ccov129_end_blk0                     text2            0008C
__ccov129_start_blk0                   text2            0008B
__ccov12_end_blk11                     maintext         0020D
__ccov12_start_blk11                   maintext         0020C
__ccov130_end_blk2                     text2            00092
__ccov130_start_blk2                   text2            0008C
__ccov131_end_blk3                     text2            00098
__ccov131_start_blk3                   text2            00092
__ccov132_end_blk4                     text2            0009F
__ccov132_start_blk4                   text2            00098
__ccov133_end_blk6                     text2            000A7
__ccov133_start_blk6                   text2            0009F
__ccov134_end_blk7                     text2            000AB
__ccov134_start_blk7                   text2            000A7
__ccov135_end_blk8                     text2            000B1
__ccov135_start_blk8                   text2            000AB
__ccov136_end_blk9                     text2            000B8
__ccov136_start_blk9                   text2            000B1
__ccov137_end_blk11                    text2            000C1
__ccov137_start_blk11                  text2            000B8
__ccov138_end_blk12                    text2            000C8
__ccov138_start_blk12                  text2            000C1
__ccov139_end_blk14                    text2            000CC
__ccov139_start_blk14                  text2            000C8
__ccov13_end_blk12                     maintext         0020E
__ccov13_start_blk12                   maintext         0020D
__ccov140_end_blk15                    text2            000D2
__ccov140_start_blk15                  text2            000CC
__ccov141_end_blk20                    text2            000E1
__ccov141_start_blk20                  text2            000D2
__ccov142_end_blk23                    text2            000E8
__ccov142_start_blk23                  text2            000E1
__ccov143_end_blk26                    text2            000EC
__ccov143_start_blk26                  text2            000E8
__ccov144_end_blk27                    text2            000F2
__ccov144_start_blk27                  text2            000EC
__ccov145_end_blk28                    text2            000F7
__ccov145_start_blk28                  text2            000F2
__ccov146_end_blk29                    text2            000FB
__ccov146_start_blk29                  text2            000F7
__ccov147_end_blk30                    text2            000FF
__ccov147_start_blk30                  text2            000FB
__ccov148_end_blk35                    text2            00112
__ccov148_start_blk35                  text2            000FF
__ccov149_end_blk37                    text2            0011D
__ccov149_start_blk37                  text2            00112
__ccov14_end_blk13                     maintext         0020F
__ccov14_start_blk13                   maintext         0020E
__ccov150_end_blk39                    text2            00125
__ccov150_start_blk39                  text2            0011D
__ccov151_end_blk40                    text2            0012A
__ccov151_start_blk40                  text2            00125
__ccov152_end_blk44                    text2            00137
__ccov152_start_blk44                  text2            0012A
__ccov153_end_blk45                    text2            0013E
__ccov153_start_blk45                  text2            00137
__ccov154_end_blk47                    text2            00145
__ccov154_start_blk47                  text2            0013E
__ccov155_end_blk49                    text2            00149
__ccov155_start_blk49                  text2            00145
__ccov156_end_blk50                    text2            00152
__ccov156_start_blk50                  text2            00149
__ccov157_end_blk51                    text2            00157
__ccov157_start_blk51                  text2            00152
__ccov158_end_blk54                    text2            0015E
__ccov158_start_blk54                  text2            00157
__ccov159_end_blk55                    text2            00162
__ccov159_start_blk55                  text2            0015E
__ccov15_end_blk14                     maintext         00211
__ccov15_start_blk14                   maintext         0020F
__ccov160_end_blk61                    text2            00165
__ccov160_start_blk61                  text2            00162
__ccov161_end_blk62                    text2            00167
__ccov161_start_blk62                  text2            00165
__ccov162_end_blk63                    text2            00176
__ccov162_start_blk63                  text2            00167
__ccov163_end_blk64                    text2            001A6
__ccov163_start_blk64                  text2            00176
__ccov164_end_blk65                    text2            001B3
__ccov164_start_blk65                  text2            001A6
__ccov165_end_blk66                    text2            001B5
__ccov165_start_blk66                  text2            001B3
__ccov166_end_blk67                    text2            001BE
__ccov166_start_blk67                  text2            001B5
__ccov167_end_blk68                    text2            001C3
__ccov167_start_blk68                  text2            001BE
__ccov168_end_blk69                    text2            001C7
__ccov168_start_blk69                  text2            001C3
__ccov169_end_blk71                    text2            001CC
__ccov169_start_blk71                  text2            001C7
__ccov16_end_blk15                     maintext         00213
__ccov16_start_blk15                   maintext         00211
__ccov170_end_blk80                    text2            001F8
__ccov170_start_blk80                  text2            001CC
__ccov171_end_blk82                    text2            001FA
__ccov171_start_blk82                  text2            001F8
__ccov17_end_blk16                     maintext         00214
__ccov17_start_blk16                   maintext         00213
__ccov18_end_blk17                     maintext         00215
__ccov18_start_blk17                   maintext         00214
__ccov196_end_blk0                     text8            00439
__ccov196_start_blk0                   text8            00434
__ccov197_end_blk1                     text8            0043C
__ccov197_start_blk1                   text8            00439
__ccov198_end_blk0                     text6            00429
__ccov198_start_blk0                   text6            00424
__ccov199_end_blk1                     text6            0042C
__ccov199_start_blk1                   text6            00429
__ccov19_end_blk18                     maintext         00217
__ccov19_start_blk18                   maintext         00215
__ccov1_end_blk0                       maintext         001FC
__ccov1_start_blk0                     maintext         001FA
__ccov200_end_blk0                     text7            00431
__ccov200_start_blk0                   text7            0042C
__ccov201_end_blk1                     text7            00434
__ccov201_start_blk1                   text7            00431
__ccov202_end_blk0                     text4            00419
__ccov202_start_blk0                   text4            00414
__ccov203_end_blk1                     text4            0041C
__ccov203_start_blk1                   text4            00419
__ccov204_end_blk0                     text5            00421
__ccov204_start_blk0                   text5            0041C
__ccov205_end_blk1                     text5            00424
__ccov205_start_blk1                   text5            00421
__ccov206_end_blk0                     text10           00444
__ccov206_start_blk0                   text10           00442
__ccov207_end_blk1                     text10           00447
__ccov207_start_blk1                   text10           00444
__ccov208_end_blk0                     text12           00449
__ccov208_start_blk0                   text12           00447
__ccov209_end_blk1                     text12           0044C
__ccov209_start_blk1                   text12           00449
__ccov20_end_blk19                     maintext         00218
__ccov20_start_blk19                   maintext         00217
__ccov21_end_blk20                     maintext         00219
__ccov21_start_blk20                   maintext         00218
__ccov22_end_blk21                     maintext         0021E
__ccov22_start_blk21                   maintext         00219
__ccov23_end_blk22                     maintext         0021F
__ccov23_start_blk22                   maintext         0021E
__ccov24_end_blk23                     maintext         00220
__ccov24_start_blk23                   maintext         0021F
__ccov25_end_blk24                     maintext         00222
__ccov25_start_blk24                   maintext         00220
__ccov26_end_blk25                     maintext         00224
__ccov26_start_blk25                   maintext         00222
__ccov27_end_blk26                     maintext         00225
__ccov27_start_blk26                   maintext         00224
__ccov28_end_blk27                     maintext         00227
__ccov28_start_blk27                   maintext         00225
__ccov29_end_blk28                     maintext         00229
__ccov29_start_blk28                   maintext         00227
__ccov2_end_blk1                       maintext         001FF
__ccov2_start_blk1                     maintext         001FC
__ccov30_end_blk29                     maintext         0022E
__ccov30_start_blk29                   maintext         00229
__ccov31_end_blk30                     maintext         00232
__ccov31_start_blk30                   maintext         0022E
__ccov32_end_blk31                     maintext         00236
__ccov32_start_blk31                   maintext         00232
__ccov33_end_blk32                     maintext         00238
__ccov33_start_blk32                   maintext         00236
__ccov34_end_blk33                     maintext         0023A
__ccov34_start_blk33                   maintext         00238
__ccov35_end_blk34                     maintext         0023C
__ccov35_start_blk34                   maintext         0023A
__ccov36_end_blk35                     maintext         0023D
__ccov36_start_blk35                   maintext         0023C
__ccov37_end_blk36                     maintext         0023F
__ccov37_start_blk36                   maintext         0023D
__ccov38_end_blk37                     maintext         00240
__ccov38_start_blk37                   maintext         0023F
__ccov39_end_blk38                     maintext         00243
__ccov39_start_blk38                   maintext         00240
__ccov3_end_blk2                       maintext         00200
__ccov3_start_blk2                     maintext         001FF
__ccov40_end_blk39                     maintext         00246
__ccov40_start_blk39                   maintext         00243
__ccov41_end_blk40                     maintext         00252
__ccov41_start_blk40                   maintext         00246
__ccov42_end_blk41                     maintext         00253
__ccov42_start_blk41                   maintext         00252
__ccov43_end_blk42                     maintext         00258
__ccov43_start_blk42                   maintext         00253
__ccov44_end_blk43                     maintext         00259
__ccov44_start_blk43                   maintext         00258
__ccov45_end_blk44                     maintext         00260
__ccov45_start_blk44                   maintext         00259
__ccov46_end_blk45                     maintext         00279
__ccov46_start_blk45                   maintext         00260
__ccov47_end_blk46                     maintext         00289
__ccov47_start_blk46                   maintext         00279
__ccov48_end_blk47                     maintext         00296
__ccov48_start_blk47                   maintext         00289
__ccov49_end_blk48                     maintext         00298
__ccov49_start_blk48                   maintext         00296
__ccov4_end_blk3                       maintext         00204
__ccov4_start_blk3                     maintext         00200
__ccov50_end_blk49                     maintext         002A1
__ccov50_start_blk49                   maintext         00298
__ccov51_end_blk50                     maintext         002A4
__ccov51_start_blk50                   maintext         002A1
__ccov52_end_blk52                     maintext         002A9
__ccov52_start_blk52                   maintext         002A4
__ccov53_end_blk53                     maintext         002AD
__ccov53_start_blk53                   maintext         002A9
__ccov54_end_blk54                     maintext         002AE
__ccov54_start_blk54                   maintext         002AD
__ccov55_end_blk55                     maintext         002AF
__ccov55_start_blk55                   maintext         002AE
__ccov56_end_blk56                     maintext         002B1
__ccov56_start_blk56                   maintext         002AF
__ccov57_end_blk57                     maintext         002B3
__ccov57_start_blk57                   maintext         002B1
__ccov58_end_blk58                     maintext         002B5
__ccov58_start_blk58                   maintext         002B3
__ccov59_end_blk59                     maintext         002B7
__ccov59_start_blk59                   maintext         002B5
__ccov5_end_blk4                       maintext         00205
__ccov5_start_blk4                     maintext         00204
__ccov60_end_blk60                     maintext         002B9
__ccov60_start_blk60                   maintext         002B7
__ccov61_end_blk61                     maintext         002BD
__ccov61_start_blk61                   maintext         002B9
__ccov62_end_blk62                     maintext         002C7
__ccov62_start_blk62                   maintext         002BD
__ccov63_end_blk64                     maintext         002C8
__ccov63_start_blk64                   maintext         002C7
__ccov64_end_blk65                     maintext         002CA
__ccov64_start_blk65                   maintext         002C8
__ccov65_end_blk66                     maintext         002CF
__ccov65_start_blk66                   maintext         002CA
__ccov66_end_blk69                     maintext         002E2
__ccov66_start_blk69                   maintext         002CF
__ccov67_end_blk71                     maintext         002E5
__ccov67_start_blk71                   maintext         002E2
__ccov68_end_blk73                     maintext         002E9
__ccov68_start_blk73                   maintext         002E5
__ccov69_end_blk74                     maintext         002EE
__ccov69_start_blk74                   maintext         002E9
__ccov6_end_blk5                       maintext         00206
__ccov6_start_blk5                     maintext         00205
__ccov70_end_blk76                     maintext         002F3
__ccov70_start_blk76                   maintext         002EE
__ccov71_end_blk0                      text1            00408
__ccov71_start_blk0                    text1            00405
__ccov72_end_blk1                      text1            00411
__ccov72_start_blk1                    text1            00408
__ccov73_end_blk2                      text1            00412
__ccov73_start_blk2                    text1            00411
__ccov74_end_blk3                      text1            00414
__ccov74_start_blk3                    text1            00412
__ccov75_end_blk0                      text9            003D4
__ccov75_start_blk0                    text9            003CF
__ccov76_end_blk1                      text9            003D5
__ccov76_start_blk1                    text9            003D4
__ccov77_end_blk3                      text9            003D9
__ccov77_start_blk3                    text9            003D5
__ccov78_end_blk4                      text9            003DB
__ccov78_start_blk4                    text9            003D9
__ccov79_end_blk5                      text9            003DD
__ccov79_start_blk5                    text9            003DB
__ccov7_end_blk6                       maintext         00207
__ccov7_start_blk6                     maintext         00206
__ccov80_end_blk6                      text9            003E1
__ccov80_start_blk6                    text9            003DD
__ccov81_end_blk7                      text9            003E4
__ccov81_start_blk7                    text9            003E1
__ccov82_end_blk8                      text9            003E5
__ccov82_start_blk8                    text9            003E4
__ccov84_end_blk10                     text9            003E6
__ccov84_start_blk10                   text9            003E5
__ccov85_end_blk12                     text9            003EA
__ccov85_start_blk12                   text9            003E6
__ccov86_end_blk14                     text9            003FB
__ccov86_start_blk14                   text9            003EA
__ccov87_end_blk15                     text9            003FD
__ccov87_start_blk15                   text9            003FB
__ccov88_end_blk16                     text9            00403
__ccov88_start_blk16                   text9            003FD
__ccov89_end_blk18                     text9            00405
__ccov89_start_blk18                   text9            00403
__ccov8_end_blk7                       maintext         00208
__ccov8_start_blk7                     maintext         00207
__ccov90_end_blk0                      text3            00302
__ccov90_start_blk0                    text3            002F4
__ccov91_end_blk1                      text3            00307
__ccov91_start_blk1                    text3            00302
__ccov92_end_blk2                      text3            0030C
__ccov92_start_blk2                    text3            00307
__ccov93_end_blk4                      text3            0031A
__ccov93_start_blk4                    text3            0030C
__ccov94_end_blk5                      text3            0031F
__ccov94_start_blk5                    text3            0031A
__ccov95_end_blk6                      text3            00324
__ccov95_start_blk6                    text3            0031F
__ccov96_end_blk8                      text3            00332
__ccov96_start_blk8                    text3            00324
__ccov97_end_blk9                      text3            00337
__ccov97_start_blk9                    text3            00332
__ccov98_end_blk10                     text3            0033C
__ccov98_start_blk10                   text3            00337
__ccov99_end_blk12                     text3            0034A
__ccov99_start_blk12                   text3            0033C
__ccov9_end_blk8                       maintext         00209
__ccov9_start_blk8                     maintext         00208
__ccovbit10_10                         bitbssCOMMON     0038B
__ccovbit11_20                         bitbssCOMMON     00381
__ccovbit11_31                         bitbssBANK0      0011F
__ccovbit12_32                         bitbssBANK0      0011E
__ccovbit13_21                         bitbssCOMMON     00380
__ccovbit14_11                         bitbssCOMMON     0038A
__ccovbit15_22                         bitbssBANK0      00128
__ccovbit15_33                         bitbssBANK0      0011D
__ccovbit17_23                         bitbssBANK0      00127
__ccovbit18_12                         bitbssCOMMON     00389
__ccovbit18_7                          bitbssCOMMON     0038E
__ccovbit19_24                         bitbssBANK0      00126
__ccovbit1_15                          bitbssCOMMON     00386
__ccovbit1_16                          bitbssCOMMON     00385
__ccovbit1_17                          bitbssCOMMON     00384
__ccovbit1_48                          bitbssBANK0      0010E
__ccovbit1_49                          bitbssBANK0      0010D
__ccovbit1_50                          bitbssBANK0      0010C
__ccovbit1_51                          bitbssBANK0      0010B
__ccovbit1_52                          bitbssBANK0      0010A
__ccovbit1_53                          bitbssBANK0      00109
__ccovbit1_54                          bitbssBANK0      00108
__ccovbit20_34                         bitbssBANK0      0011C
__ccovbit22_13                         bitbssCOMMON     00388
__ccovbit22_25                         bitbssBANK0      00125
__ccovbit23_35                         bitbssBANK0      0011B
__ccovbit24_14                         bitbssCOMMON     00387
__ccovbit29_36                         bitbssBANK0      0011A
__ccovbit2_8                           bitbssCOMMON     0038D
__ccovbit30_37                         bitbssBANK0      00119
__ccovbit37_38                         bitbssBANK0      00118
__ccovbit3_18                          bitbssCOMMON     00383
__ccovbit3_26                          bitbssBANK0      00124
__ccovbit3_6                           bitbssCOMMON     0038F
__ccovbit40_39                         bitbssBANK0      00117
__ccovbit45_40                         bitbssBANK0      00116
__ccovbit47_41                         bitbssBANK0      00115
__ccovbit4_27                          bitbssBANK0      00123
__ccovbit50_1                          bitbssCOMMON     00394
__ccovbit51_42                         bitbssBANK0      00114
__ccovbit62_2                          bitbssCOMMON     00393
__ccovbit63_43                         bitbssBANK0      00113
__ccovbit66_3                          bitbssCOMMON     00392
__ccovbit68_44                         bitbssBANK0      00112
__ccovbit69_45                         bitbssBANK0      00111
__ccovbit6_9                           bitbssCOMMON     0038C
__ccovbit71_46                         bitbssBANK0      00110
__ccovbit74_4                          bitbssCOMMON     00391
__ccovbit76_5                          bitbssCOMMON     00390
__ccovbit7_19                          bitbssCOMMON     00382
__ccovbit7_28                          bitbssBANK0      00122
__ccovbit82_47                         bitbssBANK0      0010F
__ccovbit8_29                          bitbssBANK0      00121
__ccovbit9_30                          bitbssBANK0      00120
__end_of___awdiv                       text14           003CF
__end_of__initialization               cinit            00088
__end_of_checkState1                   text2            001FA
__end_of_disable_external_interrupt    text13           00452
__end_of_disable_watchdog_timer        text12           0044C
__end_of_enable_external_interrupt     text11           0044F
__end_of_enable_watchdog_timer         text10           00447
__end_of_getBatteryVoltage             text9            00405
__end_of_main                          maintext         002F4
__end_of_my_isr                        intentry         00071
__end_of_set_watchdog_timer_128ms      text8            0043C
__end_of_set_watchdog_timer_1s         text7            00434
__end_of_set_watchdog_timer_256ms      text6            0042C
__end_of_set_watchdog_timer_256s       text5            00424
__end_of_set_watchdog_timer_4s         text4            0041C
__end_of_timer2_init                   text1            00414
__end_of_watch_dog_incrementing_timer  text3            0036F
__initialization                       cinit            00075
__pbitbssBANK0                         bitbssBANK0      00108
__pbitbssCOMMON                        bitbssCOMMON     00380
__pbssBANK0                            bssBANK0         00026
__pbssCOMMON                           bssCOMMON        0007C
__pcodecov_info                        codecov_info     00000
__pcodecov_info_hdr                    codecov_info_hdr 00000
__pcstackBANK0                         cstackBANK0      0003E
__pcstackCOMMON                        cstackCOMMON     00073
__pintentry                            intentry         00004
__pmaintext                            maintext         001FA
__ptext1                               text1            00405
__ptext10                              text10           00442
__ptext11                              text11           0044C
__ptext12                              text12           00447
__ptext13                              text13           0044F
__ptext14                              text14           0036F
__ptext2                               text2            0008B
__ptext3                               text3            002F4
__ptext4                               text4            00414
__ptext5                               text5            0041C
__ptext6                               text6            00424
__ptext7                               text7            0042C
__ptext8                               text8            00434
__ptext9                               text9            003CF
__size_of___awdiv                      (abs)            00000
__size_of_checkState1                  (abs)            00000
__size_of_disable_external_interrupt   (abs)            00000
__size_of_disable_watchdog_timer       (abs)            00000
__size_of_enable_external_interrupt    (abs)            00000
__size_of_enable_watchdog_timer        (abs)            00000
__size_of_getBatteryVoltage            (abs)            00000
__size_of_main                         (abs)            00000
__size_of_my_isr                       (abs)            00000
__size_of_set_watchdog_timer_128ms     (abs)            00000
__size_of_set_watchdog_timer_1s        (abs)            00000
__size_of_set_watchdog_timer_256ms     (abs)            00000
__size_of_set_watchdog_timer_256s      (abs)            00000
__size_of_set_watchdog_timer_4s        (abs)            00000
__size_of_timer2_init                  (abs)            00000
__size_of_watch_dog_incrementing_timer (abs)            00000
_checkState1                           text2            0008B
_disable_external_interrupt            text13           0044F
_disable_watchdog_timer                text12           00447
_enable_external_interrupt             text11           0044C
_enable_watchdog_timer                 text10           00442
_getBatteryVoltage                     text9            003CF
_ihcPulseTimer                         bssBANK0         00032
_main                                  maintext         001FA
_millivolts                            bssBANK0         00036
_my_isr                                intentry         00004
_prelCounter                           bssBANK0         00034
_set_watchdog_timer_128ms              text8            00434
_set_watchdog_timer_1s                 text7            0042C
_set_watchdog_timer_256ms              text6            00424
_set_watchdog_timer_256s               text5            0041C
_set_watchdog_timer_4s                 text4            00414
_sleep_128ms_counter                   bssBANK0         00030
_sleep_1s_counter                      bssBANK0         0002C
_sleep_256ms_counter                   bssBANK0         0002E
_sleep_256s_counter                    bssBANK0         00028
_sleep_4s_counter                      bssBANK0         0002A
_state_door                            bssBANK0         0003D
_state_machine                         bssBANK0         0003C
_timer2_init                           text1            00405
_watch_dog_incrementing_timer          text3            002F4
btemp                                  (abs)            0007E
clear_ram0                             clrtext          0043C
end_of_initialization                  cinit            00088
getBatteryVoltage@adc_val              cstackCOMMON     0007A
int$flags                              (abs)            0007E
intlevel0                              functab          00000
intlevel1                              functab          00000
intlevel2                              functab          00000
intlevel3                              functab          00000
intlevel4                              functab          00000
intlevel5                              functab          00000
reset_vec                              reset_vec        00000
start                                  init             00071
start_initialization                   cinit            00075
wtemp0                                 (abs)            0007E


MODULE INFORMATION

Module		Function		Class		Link	Load	Size
statemachine.c
		_checkState1   		CODE           	008B	0000	367

statemachine.c estimated size: 367

C:\Program Files\Microchip\xc8\v2.32\pic\sources\c99\common\awdiv.c
		___awdiv       		CODE           	036F	0000	96

C:\Program Files\Microchip\xc8\v2.32\pic\sources\c99\common\awdiv.c estimated size: 96

watchdog.c
		_set_watchdog_timer_256ms		CODE           	0424	0000	8
		_set_watchdog_timer_1s		CODE           	042C	0000	8
		_set_watchdog_timer_128ms		CODE           	0434	0000	8
		_set_watchdog_timer_256s		CODE           	041C	0000	8
		_disable_watchdog_timer		CODE           	0447	0000	5
		_set_watchdog_timer_4s		CODE           	0414	0000	8
		_enable_watchdog_timer		CODE           	0442	0000	5

watchdog.c estimated size: 50

shared
		__initialization		CODE           	0075	0000	19

shared estimated size: 19

main.c
		_timer2_init   		CODE           	0405	0000	15
		_main          		CODE           	01FA	0000	250
		_disable_external_interrupt		CODE           	044F	0000	3
		_enable_external_interrupt		CODE           	044C	0000	3
		_getBatteryVoltage		CODE           	03CF	0000	54
		_watch_dog_incrementing_timer		CODE           	02F4	0000	123
		_my_isr        		CODE           	0004	0000	109

main.c estimated size: 557

