Microchip MPLAB XC8 Compiler V2.32

Linker command line:

--edf=C:\Program Files\Microchip\xc8\v2.32\pic\dat\en_msgs.txt -cn \
  -h+dist/default/production\Gardengate_v4_LED.X.production.sym \
  --cmf=dist/default/production\Gardengate_v4_LED.X.production.cmf -z \
  -Q12LF1822 -oC:\Users\henrik\AppData\Local\Temp\xcAsav0.4 \
  --defsym=__MPLAB_BUILD=1 \
  -Mdist/default/production/Gardengate_v4_LED.X.production.map -E1 \
  -ver=XC8 Compiler --acfsm=1493 -ASTACK=02028h-0206Fh -pstack=STACK \
  -ACODE=00h-07FFh -ASTRCODE=00h-07FFh -ASTRING=00h-0FFhx8 \
  -ACONST=00h-0FFhx8 -AENTRY=00h-0FFhx8 -ACOMMON=070h-07Fh \
  -ABANK0=021h-06Fh -ABANK1=0A0h-0BFh -ABIGRAM=02001h-0206Fh \
  -ARAM=021h-06Fh,0A0h-0BFh -AABS1=020h-07Fh,0A0h-0BFh -ASFR0=00h-020h \
  -ASFR1=080h-09Fh -ASFR2=0100h-016Fh -ASFR3=0180h-01EFh -ASFR4=0200h-026Fh \
  -ASFR5=0280h-02EFh -ASFR6=0300h-036Fh -ASFR7=0380h-03EFh \
  -ASFR8=0400h-046Fh -ASFR9=0480h-04EFh -ASFR10=0500h-056Fh \
  -ASFR11=0580h-05EFh -ASFR12=0600h-066Fh -ASFR13=0680h-06EFh \
  -ASFR14=0700h-076Fh -ASFR15=0780h-07EFh -ASFR16=0800h-086Fh \
  -ASFR17=0880h-08EFh -ASFR18=0900h-096Fh -ASFR19=0980h-09EFh \
  -ASFR20=0A00h-0A6Fh -ASFR21=0A80h-0AEFh -ASFR22=0B00h-0B6Fh \
  -ASFR23=0B80h-0BEFh -ASFR24=0C00h-0C6Fh -ASFR25=0C80h-0CEFh \
  -ASFR26=0D00h-0D6Fh -ASFR27=0D80h-0DEFh -ASFR28=0E00h-0E6Fh \
  -ASFR29=0E80h-0EEFh -ASFR30=0F00h-0F6Fh -ASFR31=0F80h-0FEFh \
  -ACONFIG=08007h-08008h -DCONFIG=2 -AIDLOC=08000h-08003h -DIDLOC=2 \
  -AEEDATA=00h-0FFh/0F000h -peeprom_data=EEDATA -DEEDATA=2 -DCODE=2 \
  -DSTRCODE=2 -DSTRING=2 -DCONST=2 -DENTRY=2 \
  -preset_vec=00h,intentry=04h,init,end_init -ppowerup=CODE -pcinit=CODE \
  -pfunctab=ENTRY -k C:\Users\henrik\AppData\Local\Temp\xcAsav0.o \
  dist/default/production\Gardengate_v4_LED.X.production.o 

Object code version is 3.11

Machine type is 12LF1822



                Name                               Link     Load   Length Selector   Space Scale
C:\Users\henrik\AppData\Local\Temp\xcAsav0.o
                end_init                             74       74        1        8       0
                init                                 71       71        3        8       0
                reset_vec                             0        0        2        0       0
                config                             8007     8007        2        0       4
dist/default/production\Gardengate_v4_LED.X.production.o
                cinit                                75       75       16        8       0
                intentry                              4        4       6D        8       0
                config                             8007     8007        2        0       4
                codecov_info                          0        0     1240        0       6
                codecov_info_hdr                      0        0       10        0       6
                text14                              337      337       60        8       0
                text13                              410      410        3        8       0
                text12                              409      409        4        8       0
                text11                              40D      40D        3        8       0
                text10                              405      405        4        8       0
                text9                               397      397       36        8       0
                text8                               3F8      3F8        7        8       0
                text7                                8B       8B      169        8       0
                text6                               3CD      3CD        F        8       0
                text5                               3F1      3F1        7        8       0
                text4                               3EA      3EA        7        8       0
                text3                               3E3      3E3        7        8       0
                text2                               3DC      3DC        7        8       0
                text1                               2CC      2CC       6B        8       0
                maintext                            1F4      1F4       D8        8       0
                cstackBANK0                          40       40        8       21       1
                cstackCOMMON                         73       73        9       70       1
                clrtext                             3FF      3FF        6        8       0
                bssBANK0                             26       26       1A       21       1
                bitbssBANK0                         108       21       21       21       1     8
                bssCOMMON                            7C       7C        2       70       1
                bitbssCOMMON                        380       70       18       70       1     8

TOTAL           Name                               Link     Load   Length     Space
        CLASS   STACK          

        CLASS   CODE           
                end_init                             74       74        1         0
                cinit                                75       75       16         0
                init                                 71       71        3         0
                intentry                              4        4       6D         0
                reset_vec                             0        0        2         0
                text14                              337      337       60         0
                text13                              410      410        3         0
                text12                              409      409        4         0
                text11                              40D      40D        3         0
                text10                              405      405        4         0
                text9                               397      397       36         0
                text8                               3F8      3F8        7         0
                text7                                8B       8B      169         0
                text6                               3CD      3CD        F         0
                text5                               3F1      3F1        7         0
                text4                               3EA      3EA        7         0
                text3                               3E3      3E3        7         0
                text2                               3DC      3DC        7         0
                text1                               2CC      2CC       6B         0
                maintext                            1F4      1F4       D8         0
                clrtext                             3FF      3FF        6         0

        CLASS   STRCODE        

        CLASS   STRING         

        CLASS   CONST          

        CLASS   ENTRY          

        CLASS   COMMON         
                cstackCOMMON                         73       73        9         1
                bssCOMMON                            7C       7C        2         1
                bitbssCOMMON                        380       70       18         1

        CLASS   BANK0          
                cstackBANK0                          40       40        8         1
                bssBANK0                             26       26       1A         1
                bitbssBANK0                         108       21       21         1

        CLASS   BANK1          

        CLASS   BIGRAM         

        CLASS   RAM            

        CLASS   ABS1           
                abs_s1                               7E       7E        2         1

        CLASS   SFR0           

        CLASS   SFR1           

        CLASS   SFR2           

        CLASS   SFR3           

        CLASS   SFR4           

        CLASS   SFR5           

        CLASS   SFR6           

        CLASS   SFR7           

        CLASS   SFR8           

        CLASS   SFR9           

        CLASS   SFR10          

        CLASS   SFR11          

        CLASS   SFR12          

        CLASS   SFR13          

        CLASS   SFR14          

        CLASS   SFR15          

        CLASS   SFR16          

        CLASS   SFR17          

        CLASS   SFR18          

        CLASS   SFR19          

        CLASS   SFR20          

        CLASS   SFR21          

        CLASS   SFR22          

        CLASS   SFR23          

        CLASS   SFR24          

        CLASS   SFR25          

        CLASS   SFR26          

        CLASS   SFR27          

        CLASS   SFR28          

        CLASS   SFR29          

        CLASS   SFR30          

        CLASS   SFR31          

        CLASS   CONFIG         
                config                             8007     8007        2         4

        CLASS   IDLOC          

        CLASS   EEDATA         

        CLASS   BANK31         

        CLASS   BANK30         

        CLASS   BANK29         

        CLASS   BANK28         

        CLASS   BANK27         

        CLASS   BANK26         

        CLASS   BANK25         

        CLASS   BANK24         

        CLASS   BANK23         

        CLASS   BANK22         

        CLASS   BANK21         

        CLASS   BANK20         

        CLASS   BANK19         

        CLASS   BANK18         

        CLASS   BANK17         

        CLASS   BANK16         

        CLASS   BANK15         

        CLASS   BANK14         

        CLASS   BANK13         

        CLASS   BANK12         

        CLASS   BANK11         

        CLASS   BANK10         

        CLASS   BANK9          

        CLASS   BANK8          

        CLASS   BANK7          

        CLASS   BANK6          

        CLASS   BANK5          

        CLASS   BANK4          

        CLASS   BANK3          

        CLASS   BANK2          

        CLASS   UNCLASSED
                codecov_info                          0        0     1240         6
                codecov_info_hdr                      0        0       10         6


SEGMENTS        Name                           Load    Length   Top    Selector   Space  Class     Delta

                reset_vec                      000000  000002  000002         0       0  CODE        2
                intentry                       000004  00040F  000413         8       0  CODE        2
                bitbssBANK0                    000021  000027  000048        21       1  BANK0       1
                bitbssCOMMON                   000070  00000E  00007E        70       1  COMMON      1


UNUSED ADDRESS RANGES

        Name                Unused          Largest block    Delta
        BANK0            00048-0006F              28           1
        BANK1            000A0-000BF              20           1
        BIGRAM           02001-0206F              6F           1
        CODE             00002-00003               2           2
                         00413-007FF             3ED
        CONST            00002-00003               2           2
                         00413-007FF             100
        EEDATA           0F000-0F0FF             100           2
        ENTRY            00002-00003               2           2
                         00413-007FF             100
        IDLOC            08000-08003               4           2
        RAM              00048-0006F              28           1
                         000A0-000BF              20
        SFR0             00000-00020              21           1
        SFR1             00080-0009F              20           1
        SFR10            00500-0056F              70           1
        SFR11            00580-005EF              70           1
        SFR12            00600-0066F              70           1
        SFR13            00680-006EF              70           1
        SFR14            00700-0076F              70           1
        SFR15            00780-007EF              70           1
        SFR16            00800-0086F              70           1
        SFR17            00880-008EF              70           1
        SFR18            00900-0096F              70           1
        SFR19            00980-009EF              70           1
        SFR2             00100-0016F              70           1
        SFR20            00A00-00A6F              70           1
        SFR21            00A80-00AEF              70           1
        SFR22            00B00-00B6F              70           1
        SFR23            00B80-00BEF              70           1
        SFR24            00C00-00C6F              70           1
        SFR25            00C80-00CEF              70           1
        SFR26            00D00-00D6F              70           1
        SFR27            00D80-00DEF              70           1
        SFR28            00E00-00E6F              70           1
        SFR29            00E80-00EEF              70           1
        SFR3             00180-001EF              70           1
        SFR30            00F00-00F6F              70           1
        SFR31            00F80-00FEF              70           1
        SFR4             00200-0026F              70           1
        SFR5             00280-002EF              70           1
        SFR6             00300-0036F              70           1
        SFR7             00380-003EF              70           1
        SFR8             00400-0046F              70           1
        SFR9             00480-004EF              70           1
        STACK            02028-0206F              48           1
        STRCODE          00002-00003               2           2
                         00413-007FF             3ED
        STRING           00002-00003               2           2
                         00413-007FF             100

                                  Symbol Table

?___awdiv                              cstackCOMMON     00075
?_getBatteryVoltage                    cstackCOMMON     00075
_ADCON0bits                            (abs)            0009D
_ADCON1bits                            (abs)            0009E
_ADRESH                                (abs)            0009C
_ADRESL                                (abs)            0009B
_ANSELA                                (abs)            0018C
_ANSELAbits                            (abs)            0018C
_BatteryVoltage                        bssCOMMON        0007C
_CM1CON0bits                           (abs)            00111
_DoorStateAfterPrel                    bssBANK0         0003C
_DoorStateBeforePrel                   bssBANK0         0003D
_FVRCON                                (abs)            00117
_FVRCONbits                            (abs)            00117
_INTCONbits                            (abs)            0000B
_INTE                                  (abs)            0005C
_INTF                                  (abs)            00059
_IOCAF                                 (abs)            00393
_LATAbits                              (abs)            0010C
_MDCARHbits                            (abs)            0039F
_MDCARLbits                            (abs)            0039E
_MDCONbits                             (abs)            0039C
_MDSRCbits                             (abs)            0039D
_NewDoorPolarity                       bitbssCOMMON     00396
_NewStateChangeDetected                bitbssCOMMON     00397
_OPTION_REGbits                        (abs)            00095
_OSCCONbits                            (abs)            00099
_PIE1bits                              (abs)            00091
_PIR1                                  (abs)            00011
_PIR1bits                              (abs)            00011
_PIR2                                  (abs)            00012
_PORTAbits                             (abs)            0000C
_RCSTAbits                             (abs)            0019D
_SRCON0bits                            (abs)            0011A
_SSP1CON1bits                          (abs)            00215
_T2CONbits                             (abs)            0001C
_TRISAbits                             (abs)            0008C
_TXSTAbits                             (abs)            0019E
_WDTCONbits                            (abs)            00097
_WPUAbits                              (abs)            0020C
_WakeUpCounter                         bssBANK0         00026
__Habs1                                abs1             00000
__Hbank0                               bank0            00000
__Hbank1                               bank1            00000
__Hbank10                              bank10           00000
__Hbank11                              bank11           00000
__Hbank12                              bank12           00000
__Hbank13                              bank13           00000
__Hbank14                              bank14           00000
__Hbank15                              bank15           00000
__Hbank16                              bank16           00000
__Hbank17                              bank17           00000
__Hbank18                              bank18           00000
__Hbank19                              bank19           00000
__Hbank2                               bank2            00000
__Hbank20                              bank20           00000
__Hbank21                              bank21           00000
__Hbank22                              bank22           00000
__Hbank23                              bank23           00000
__Hbank24                              bank24           00000
__Hbank25                              bank25           00000
__Hbank26                              bank26           00000
__Hbank27                              bank27           00000
__Hbank28                              bank28           00000
__Hbank29                              bank29           00000
__Hbank3                               bank3            00000
__Hbank30                              bank30           00000
__Hbank31                              bank31           00000
__Hbank4                               bank4            00000
__Hbank5                               bank5            00000
__Hbank6                               bank6            00000
__Hbank7                               bank7            00000
__Hbank8                               bank8            00000
__Hbank9                               bank9            00000
__Hbigram                              bigram           00000
__HbitbssBANK0                         bitbssBANK0      00000
__HbitbssCOMMON                        bitbssCOMMON     00000
__HbssBANK0                            bssBANK0         00000
__HbssCOMMON                           bssCOMMON        00000
__Hcinit                               cinit            0008B
__Hclrtext                             clrtext          00000
__Hcode                                code             00000
__Hcodecov_info                        codecov_info     01240
__Hcodecov_info_hdr                    codecov_info_hdr 00010
__Hcommon                              common           00000
__Hconfig                              config           08009
__HcstackBANK0                         cstackBANK0      00000
__HcstackCOMMON                        cstackCOMMON     00000
__Heeprom_data                         eeprom_data      00000
__Hend_init                            end_init         00075
__Hfunctab                             functab          00000
__Hinit                                init             00074
__Hintentry                            intentry         00071
__Hmaintext                            maintext         00000
__Hpowerup                             powerup          00000
__Hram                                 ram              00000
__Hreset_vec                           reset_vec        00002
__Hsfr0                                sfr0             00000
__Hsfr1                                sfr1             00000
__Hsfr10                               sfr10            00000
__Hsfr11                               sfr11            00000
__Hsfr12                               sfr12            00000
__Hsfr13                               sfr13            00000
__Hsfr14                               sfr14            00000
__Hsfr15                               sfr15            00000
__Hsfr16                               sfr16            00000
__Hsfr17                               sfr17            00000
__Hsfr18                               sfr18            00000
__Hsfr19                               sfr19            00000
__Hsfr2                                sfr2             00000
__Hsfr20                               sfr20            00000
__Hsfr21                               sfr21            00000
__Hsfr22                               sfr22            00000
__Hsfr23                               sfr23            00000
__Hsfr24                               sfr24            00000
__Hsfr25                               sfr25            00000
__Hsfr26                               sfr26            00000
__Hsfr27                               sfr27            00000
__Hsfr28                               sfr28            00000
__Hsfr29                               sfr29            00000
__Hsfr3                                sfr3             00000
__Hsfr30                               sfr30            00000
__Hsfr31                               sfr31            00000
__Hsfr4                                sfr4             00000
__Hsfr5                                sfr5             00000
__Hsfr6                                sfr6             00000
__Hsfr7                                sfr7             00000
__Hsfr8                                sfr8             00000
__Hsfr9                                sfr9             00000
__Hspace_0                             (abs)            00413
__Hspace_1                             (abs)            00398
__Hspace_2                             (abs)            00000
__Hspace_3                             (abs)            00000
__Hspace_4                             (abs)            10010
__Hstack                               stack            00000
__Hstrings                             strings          00000
__Htext                                text             00000
__Labs1                                abs1             00000
__Lbank0                               bank0            00000
__Lbank1                               bank1            00000
__Lbank10                              bank10           00000
__Lbank11                              bank11           00000
__Lbank12                              bank12           00000
__Lbank13                              bank13           00000
__Lbank14                              bank14           00000
__Lbank15                              bank15           00000
__Lbank16                              bank16           00000
__Lbank17                              bank17           00000
__Lbank18                              bank18           00000
__Lbank19                              bank19           00000
__Lbank2                               bank2            00000
__Lbank20                              bank20           00000
__Lbank21                              bank21           00000
__Lbank22                              bank22           00000
__Lbank23                              bank23           00000
__Lbank24                              bank24           00000
__Lbank25                              bank25           00000
__Lbank26                              bank26           00000
__Lbank27                              bank27           00000
__Lbank28                              bank28           00000
__Lbank29                              bank29           00000
__Lbank3                               bank3            00000
__Lbank30                              bank30           00000
__Lbank31                              bank31           00000
__Lbank4                               bank4            00000
__Lbank5                               bank5            00000
__Lbank6                               bank6            00000
__Lbank7                               bank7            00000
__Lbank8                               bank8            00000
__Lbank9                               bank9            00000
__Lbigram                              bigram           00000
__LbitbssBANK0                         bitbssBANK0      00000
__LbitbssCOMMON                        bitbssCOMMON     00000
__LbssBANK0                            bssBANK0         00000
__LbssCOMMON                           bssCOMMON        00000
__Lcinit                               cinit            00075
__Lclrtext                             clrtext          00000
__Lcode                                code             00000
__Lcodecov_info                        codecov_info     00000
__Lcodecov_info_hdr                    codecov_info_hdr 00000
__Lcommon                              common           00000
__Lconfig                              config           00000
__LcstackBANK0                         cstackBANK0      00000
__LcstackCOMMON                        cstackCOMMON     00000
__Leeprom_data                         eeprom_data      00000
__Lend_init                            end_init         00074
__Lfunctab                             functab          00000
__Linit                                init             00071
__Lintentry                            intentry         00004
__Lmaintext                            maintext         00000
__Lpowerup                             powerup          00000
__Lram                                 ram              00000
__Lreset_vec                           reset_vec        00000
__Lsfr0                                sfr0             00000
__Lsfr1                                sfr1             00000
__Lsfr10                               sfr10            00000
__Lsfr11                               sfr11            00000
__Lsfr12                               sfr12            00000
__Lsfr13                               sfr13            00000
__Lsfr14                               sfr14            00000
__Lsfr15                               sfr15            00000
__Lsfr16                               sfr16            00000
__Lsfr17                               sfr17            00000
__Lsfr18                               sfr18            00000
__Lsfr19                               sfr19            00000
__Lsfr2                                sfr2             00000
__Lsfr20                               sfr20            00000
__Lsfr21                               sfr21            00000
__Lsfr22                               sfr22            00000
__Lsfr23                               sfr23            00000
__Lsfr24                               sfr24            00000
__Lsfr25                               sfr25            00000
__Lsfr26                               sfr26            00000
__Lsfr27                               sfr27            00000
__Lsfr28                               sfr28            00000
__Lsfr29                               sfr29            00000
__Lsfr3                                sfr3             00000
__Lsfr30                               sfr30            00000
__Lsfr31                               sfr31            00000
__Lsfr4                                sfr4             00000
__Lsfr5                                sfr5             00000
__Lsfr6                                sfr6             00000
__Lsfr7                                sfr7             00000
__Lsfr8                                sfr8             00000
__Lsfr9                                sfr9             00000
__Lspace_0                             (abs)            00000
__Lspace_1                             (abs)            00000
__Lspace_2                             (abs)            00000
__Lspace_3                             (abs)            00000
__Lspace_4                             (abs)            00000
__Lstack                               stack            00000
__Lstrings                             strings          00000
__Ltext                                text             00000
__S0                                   (abs)            00413
__S1                                   (abs)            0007E
__S2                                   (abs)            00000
__S3                                   (abs)            00000
___awdiv                               text14           00337
___awdiv@counter                       cstackBANK0      00040
___awdiv@dividend                      cstackCOMMON     00077
___awdiv@divisor                       cstackCOMMON     00075
___awdiv@quotient                      cstackBANK0      00042
___awdiv@sign                          cstackBANK0      00041
___int_sp                              stack            00000
___latbits                             (abs)            00000
___powerdown                           (abs)            00103
___resetbits                           (abs)            00020
___sp                                  stack            00000
___stackhi                             (abs)            0206F
___stacklo                             (abs)            02028
___timeout                             (abs)            00104
__ccov100_end_blk22                    text1            00337
__ccov100_start_blk22                  text1            00335
__ccov103_end_blk0                     text8            003FD
__ccov103_start_blk0                   text8            003F8
__ccov104_end_blk1                     text8            003FF
__ccov104_start_blk1                   text8            003FD
__ccov105_end_blk0                     text4            003EF
__ccov105_start_blk0                   text4            003EA
__ccov106_end_blk1                     text4            003F1
__ccov106_start_blk1                   text4            003EF
__ccov107_end_blk0                     text5            003F6
__ccov107_start_blk0                   text5            003F1
__ccov108_end_blk1                     text5            003F8
__ccov108_start_blk1                   text5            003F6
__ccov109_end_blk0                     text2            003E1
__ccov109_start_blk0                   text2            003DC
__ccov10_end_blk9                      maintext         00204
__ccov10_start_blk9                    maintext         00203
__ccov110_end_blk1                     text2            003E3
__ccov110_start_blk1                   text2            003E1
__ccov111_end_blk0                     text3            003E8
__ccov111_start_blk0                   text3            003E3
__ccov112_end_blk1                     text3            003EA
__ccov112_start_blk1                   text3            003E8
__ccov113_end_blk0                     text10           00407
__ccov113_start_blk0                   text10           00405
__ccov114_end_blk1                     text10           00409
__ccov114_start_blk1                   text10           00407
__ccov115_end_blk0                     text12           0040B
__ccov115_start_blk0                   text12           00409
__ccov116_end_blk1                     text12           0040D
__ccov116_start_blk1                   text12           0040B
__ccov117_end_blk0                     text11           0040E
__ccov117_start_blk0                   text11           0040D
__ccov118_end_blk1                     text11           00410
__ccov118_start_blk1                   text11           0040E
__ccov119_end_blk0                     text13           00411
__ccov119_start_blk0                   text13           00410
__ccov11_end_blk10                     maintext         00206
__ccov11_start_blk10                   maintext         00204
__ccov120_end_blk1                     text13           00413
__ccov120_start_blk1                   text13           00411
__ccov121_end_blk0                     intentry         0000A
__ccov121_start_blk0                   intentry         00004
__ccov122_end_blk1                     intentry         00010
__ccov122_start_blk1                   intentry         0000A
__ccov123_end_blk3                     intentry         0001A
__ccov123_start_blk3                   intentry         00010
__ccov124_end_blk5                     intentry         0001B
__ccov124_start_blk5                   intentry         0001A
__ccov125_end_blk6                     intentry         0001D
__ccov125_start_blk6                   intentry         0001B
__ccov126_end_blk7                     intentry         00022
__ccov126_start_blk7                   intentry         0001D
__ccov127_end_blk10                    intentry         00035
__ccov127_start_blk10                  intentry         00022
__ccov128_end_blk11                    intentry         00038
__ccov128_start_blk11                  intentry         00035
__ccov129_end_blk12                    intentry         0003D
__ccov129_start_blk12                  intentry         00038
__ccov12_end_blk11                     maintext         00207
__ccov12_start_blk11                   maintext         00206
__ccov130_end_blk13                    intentry         00043
__ccov130_start_blk13                  intentry         0003D
__ccov131_end_blk14                    intentry         00050
__ccov131_start_blk14                  intentry         00043
__ccov132_end_blk15                    intentry         00056
__ccov132_start_blk15                  intentry         00050
__ccov133_end_blk16                    intentry         00064
__ccov133_start_blk16                  intentry         00056
__ccov134_end_blk17                    intentry         0006A
__ccov134_start_blk17                  intentry         00064
__ccov135_end_blk19                    intentry         0006D
__ccov135_start_blk19                  intentry         0006A
__ccov136_end_blk22                    intentry         00071
__ccov136_start_blk22                  intentry         0006D
__ccov137_end_blk0                     text7            0008C
__ccov137_start_blk0                   text7            0008B
__ccov138_end_blk2                     text7            00092
__ccov138_start_blk2                   text7            0008C
__ccov139_end_blk3                     text7            00098
__ccov139_start_blk3                   text7            00092
__ccov13_end_blk12                     maintext         00208
__ccov13_start_blk12                   maintext         00207
__ccov140_end_blk4                     text7            0009F
__ccov140_start_blk4                   text7            00098
__ccov141_end_blk6                     text7            000A8
__ccov141_start_blk6                   text7            0009F
__ccov142_end_blk7                     text7            000AD
__ccov142_start_blk7                   text7            000A8
__ccov143_end_blk8                     text7            000B4
__ccov143_start_blk8                   text7            000AD
__ccov144_end_blk10                    text7            000BD
__ccov144_start_blk10                  text7            000B4
__ccov145_end_blk11                    text7            000C4
__ccov145_start_blk11                  text7            000BD
__ccov146_end_blk13                    text7            000C8
__ccov146_start_blk13                  text7            000C4
__ccov147_end_blk14                    text7            000CE
__ccov147_start_blk14                  text7            000C8
__ccov148_end_blk17                    text7            000D0
__ccov148_start_blk17                  text7            000CE
__ccov149_end_blk19                    text7            000DF
__ccov149_start_blk19                  text7            000D0
__ccov14_end_blk13                     maintext         00209
__ccov14_start_blk13                   maintext         00208
__ccov150_end_blk22                    text7            000E6
__ccov150_start_blk22                  text7            000DF
__ccov151_end_blk25                    text7            000EA
__ccov151_start_blk25                  text7            000E6
__ccov152_end_blk26                    text7            000F0
__ccov152_start_blk26                  text7            000EA
__ccov153_end_blk27                    text7            000F5
__ccov153_start_blk27                  text7            000F0
__ccov154_end_blk28                    text7            000F9
__ccov154_start_blk28                  text7            000F5
__ccov155_end_blk29                    text7            000FD
__ccov155_start_blk29                  text7            000F9
__ccov156_end_blk33                    text7            000FF
__ccov156_start_blk33                  text7            000FD
__ccov157_end_blk36                    text7            00112
__ccov157_start_blk36                  text7            000FF
__ccov158_end_blk38                    text7            0011D
__ccov158_start_blk38                  text7            00112
__ccov159_end_blk40                    text7            00126
__ccov159_start_blk40                  text7            0011D
__ccov15_end_blk14                     maintext         0020B
__ccov15_start_blk14                   maintext         00209
__ccov160_end_blk41                    text7            0012B
__ccov160_start_blk41                  text7            00126
__ccov161_end_blk45                    text7            00138
__ccov161_start_blk45                  text7            0012B
__ccov162_end_blk46                    text7            0013F
__ccov162_start_blk46                  text7            00138
__ccov163_end_blk48                    text7            00146
__ccov163_start_blk48                  text7            0013F
__ccov164_end_blk50                    text7            0014A
__ccov164_start_blk50                  text7            00146
__ccov165_end_blk51                    text7            00157
__ccov165_start_blk51                  text7            0014A
__ccov166_end_blk55                    text7            0015E
__ccov166_start_blk55                  text7            00157
__ccov167_end_blk56                    text7            00162
__ccov167_start_blk56                  text7            0015E
__ccov168_end_blk62                    text7            00170
__ccov168_start_blk62                  text7            00162
__ccov169_end_blk63                    text7            001A0
__ccov169_start_blk63                  text7            00170
__ccov16_end_blk15                     maintext         0020D
__ccov16_start_blk15                   maintext         0020B
__ccov170_end_blk64                    text7            001AD
__ccov170_start_blk64                  text7            001A0
__ccov171_end_blk65                    text7            001AF
__ccov171_start_blk65                  text7            001AD
__ccov172_end_blk66                    text7            001B8
__ccov172_start_blk66                  text7            001AF
__ccov173_end_blk67                    text7            001BD
__ccov173_start_blk67                  text7            001B8
__ccov174_end_blk68                    text7            001C1
__ccov174_start_blk68                  text7            001BD
__ccov175_end_blk70                    text7            001C8
__ccov175_start_blk70                  text7            001C1
__ccov176_end_blk71                    text7            001CC
__ccov176_start_blk71                  text7            001C8
__ccov177_end_blk80                    text7            001F2
__ccov177_start_blk80                  text7            001CC
__ccov178_end_blk82                    text7            001F4
__ccov178_start_blk82                  text7            001F2
__ccov17_end_blk16                     maintext         0020E
__ccov17_start_blk16                   maintext         0020D
__ccov18_end_blk17                     maintext         0020F
__ccov18_start_blk17                   maintext         0020E
__ccov19_end_blk18                     maintext         00211
__ccov19_start_blk18                   maintext         0020F
__ccov1_end_blk0                       maintext         001F6
__ccov1_start_blk0                     maintext         001F4
__ccov20_end_blk19                     maintext         00212
__ccov20_start_blk19                   maintext         00211
__ccov21_end_blk20                     maintext         00213
__ccov21_start_blk20                   maintext         00212
__ccov22_end_blk21                     maintext         00218
__ccov22_start_blk21                   maintext         00213
__ccov23_end_blk22                     maintext         00219
__ccov23_start_blk22                   maintext         00218
__ccov24_end_blk23                     maintext         0021A
__ccov24_start_blk23                   maintext         00219
__ccov25_end_blk24                     maintext         0021C
__ccov25_start_blk24                   maintext         0021A
__ccov26_end_blk25                     maintext         0021E
__ccov26_start_blk25                   maintext         0021C
__ccov27_end_blk26                     maintext         0021F
__ccov27_start_blk26                   maintext         0021E
__ccov28_end_blk27                     maintext         00221
__ccov28_start_blk27                   maintext         0021F
__ccov29_end_blk28                     maintext         00223
__ccov29_start_blk28                   maintext         00221
__ccov2_end_blk1                       maintext         001F9
__ccov2_start_blk1                     maintext         001F6
__ccov30_end_blk29                     maintext         00228
__ccov30_start_blk29                   maintext         00223
__ccov31_end_blk30                     maintext         0022C
__ccov31_start_blk30                   maintext         00228
__ccov32_end_blk31                     maintext         00230
__ccov32_start_blk31                   maintext         0022C
__ccov33_end_blk32                     maintext         00232
__ccov33_start_blk32                   maintext         00230
__ccov34_end_blk33                     maintext         00234
__ccov34_start_blk33                   maintext         00232
__ccov35_end_blk34                     maintext         00236
__ccov35_start_blk34                   maintext         00234
__ccov36_end_blk35                     maintext         00237
__ccov36_start_blk35                   maintext         00236
__ccov37_end_blk36                     maintext         00239
__ccov37_start_blk36                   maintext         00237
__ccov38_end_blk37                     maintext         0023A
__ccov38_start_blk37                   maintext         00239
__ccov39_end_blk38                     maintext         0023D
__ccov39_start_blk38                   maintext         0023A
__ccov3_end_blk2                       maintext         001FA
__ccov3_start_blk2                     maintext         001F9
__ccov40_end_blk39                     maintext         00240
__ccov40_start_blk39                   maintext         0023D
__ccov41_end_blk40                     maintext         0024C
__ccov41_start_blk40                   maintext         00240
__ccov42_end_blk41                     maintext         0024D
__ccov42_start_blk41                   maintext         0024C
__ccov43_end_blk42                     maintext         00252
__ccov43_start_blk42                   maintext         0024D
__ccov44_end_blk43                     maintext         00253
__ccov44_start_blk43                   maintext         00252
__ccov45_end_blk44                     maintext         0025A
__ccov45_start_blk44                   maintext         00253
__ccov46_end_blk45                     maintext         00273
__ccov46_start_blk45                   maintext         0025A
__ccov47_end_blk46                     maintext         00283
__ccov47_start_blk46                   maintext         00273
__ccov48_end_blk47                     maintext         00290
__ccov48_start_blk47                   maintext         00283
__ccov49_end_blk48                     maintext         00292
__ccov49_start_blk48                   maintext         00290
__ccov4_end_blk3                       maintext         001FE
__ccov4_start_blk3                     maintext         001FA
__ccov50_end_blk49                     maintext         0029B
__ccov50_start_blk49                   maintext         00292
__ccov51_end_blk50                     maintext         0029E
__ccov51_start_blk50                   maintext         0029B
__ccov52_end_blk52                     maintext         002A3
__ccov52_start_blk52                   maintext         0029E
__ccov53_end_blk53                     maintext         002A7
__ccov53_start_blk53                   maintext         002A3
__ccov54_end_blk54                     maintext         002A8
__ccov54_start_blk54                   maintext         002A7
__ccov55_end_blk55                     maintext         002A9
__ccov55_start_blk55                   maintext         002A8
__ccov56_end_blk56                     maintext         002AC
__ccov56_start_blk56                   maintext         002A9
__ccov57_end_blk57                     maintext         002AF
__ccov57_start_blk57                   maintext         002AC
__ccov58_end_blk58                     maintext         002B1
__ccov58_start_blk58                   maintext         002AF
__ccov59_end_blk59                     maintext         002B3
__ccov59_start_blk59                   maintext         002B1
__ccov5_end_blk4                       maintext         001FF
__ccov5_start_blk4                     maintext         001FE
__ccov60_end_blk60                     maintext         002B5
__ccov60_start_blk60                   maintext         002B3
__ccov61_end_blk61                     maintext         002B7
__ccov61_start_blk61                   maintext         002B5
__ccov62_end_blk62                     maintext         002BA
__ccov62_start_blk62                   maintext         002B7
__ccov63_end_blk64                     maintext         002BE
__ccov63_start_blk64                   maintext         002BA
__ccov64_end_blk65                     maintext         002C3
__ccov64_start_blk65                   maintext         002BE
__ccov65_end_blk67                     maintext         002C6
__ccov65_start_blk67                   maintext         002C3
__ccov66_end_blk68                     maintext         002CB
__ccov66_start_blk68                   maintext         002C6
__ccov67_end_blk0                      text6            003D0
__ccov67_start_blk0                    text6            003CD
__ccov68_end_blk1                      text6            003D9
__ccov68_start_blk1                    text6            003D0
__ccov69_end_blk2                      text6            003DA
__ccov69_start_blk2                    text6            003D9
__ccov6_end_blk5                       maintext         00200
__ccov6_start_blk5                     maintext         001FF
__ccov70_end_blk3                      text6            003DC
__ccov70_start_blk3                    text6            003DA
__ccov71_end_blk0                      text9            0039C
__ccov71_start_blk0                    text9            00397
__ccov72_end_blk1                      text9            0039D
__ccov72_start_blk1                    text9            0039C
__ccov73_end_blk3                      text9            003A1
__ccov73_start_blk3                    text9            0039D
__ccov74_end_blk4                      text9            003A3
__ccov74_start_blk4                    text9            003A1
__ccov75_end_blk5                      text9            003A5
__ccov75_start_blk5                    text9            003A3
__ccov76_end_blk6                      text9            003A9
__ccov76_start_blk6                    text9            003A5
__ccov77_end_blk7                      text9            003AC
__ccov77_start_blk7                    text9            003A9
__ccov78_end_blk8                      text9            003AD
__ccov78_start_blk8                    text9            003AC
__ccov7_end_blk6                       maintext         00201
__ccov7_start_blk6                     maintext         00200
__ccov80_end_blk10                     text9            003AE
__ccov80_start_blk10                   text9            003AD
__ccov81_end_blk12                     text9            003B2
__ccov81_start_blk12                   text9            003AE
__ccov82_end_blk14                     text9            003C3
__ccov82_start_blk14                   text9            003B2
__ccov83_end_blk15                     text9            003C5
__ccov83_start_blk15                   text9            003C3
__ccov84_end_blk16                     text9            003CB
__ccov84_start_blk16                   text9            003C5
__ccov85_end_blk18                     text9            003CD
__ccov85_start_blk18                   text9            003CB
__ccov86_end_blk0                      text1            002DA
__ccov86_start_blk0                    text1            002CC
__ccov87_end_blk1                      text1            002DF
__ccov87_start_blk1                    text1            002DA
__ccov88_end_blk2                      text1            002E4
__ccov88_start_blk2                    text1            002DF
__ccov89_end_blk4                      text1            002F2
__ccov89_start_blk4                    text1            002E4
__ccov8_end_blk7                       maintext         00202
__ccov8_start_blk7                     maintext         00201
__ccov90_end_blk5                      text1            002F7
__ccov90_start_blk5                    text1            002F2
__ccov91_end_blk6                      text1            002FC
__ccov91_start_blk6                    text1            002F7
__ccov92_end_blk8                      text1            0030A
__ccov92_start_blk8                    text1            002FC
__ccov93_end_blk9                      text1            0030F
__ccov93_start_blk9                    text1            0030A
__ccov94_end_blk10                     text1            00314
__ccov94_start_blk10                   text1            0030F
__ccov95_end_blk12                     text1            00322
__ccov95_start_blk12                   text1            00314
__ccov96_end_blk13                     text1            00327
__ccov96_start_blk13                   text1            00322
__ccov97_end_blk14                     text1            0032C
__ccov97_start_blk14                   text1            00327
__ccov98_end_blk16                     text1            00331
__ccov98_start_blk16                   text1            0032C
__ccov99_end_blk17                     text1            00335
__ccov99_start_blk17                   text1            00331
__ccov9_end_blk8                       maintext         00203
__ccov9_start_blk8                     maintext         00202
__ccovbit10_35                         bitbssBANK0      0011B
__ccovbit10_8                          bitbssCOMMON     0038D
__ccovbit11_24                         bitbssBANK0      00126
__ccovbit11_36                         bitbssBANK0      0011A
__ccovbit13_25                         bitbssBANK0      00125
__ccovbit14_37                         bitbssBANK0      00119
__ccovbit14_9                          bitbssCOMMON     0038C
__ccovbit15_26                         bitbssBANK0      00124
__ccovbit17_10                         bitbssCOMMON     0038B
__ccovbit17_27                         bitbssBANK0      00123
__ccovbit17_38                         bitbssBANK0      00118
__ccovbit18_5                          bitbssCOMMON     00390
__ccovbit19_28                         bitbssBANK0      00122
__ccovbit19_39                         bitbssBANK0      00117
__ccovbit1_12                          bitbssCOMMON     00389
__ccovbit1_13                          bitbssCOMMON     00388
__ccovbit1_14                          bitbssCOMMON     00387
__ccovbit1_15                          bitbssCOMMON     00386
__ccovbit1_16                          bitbssCOMMON     00385
__ccovbit1_17                          bitbssCOMMON     00384
__ccovbit1_18                          bitbssCOMMON     00383
__ccovbit1_19                          bitbssCOMMON     00382
__ccovbit1_20                          bitbssCOMMON     00381
__ccovbit1_21                          bitbssCOMMON     00380
__ccovbit22_11                         bitbssCOMMON     0038A
__ccovbit22_29                         bitbssBANK0      00121
__ccovbit22_40                         bitbssBANK0      00116
__ccovbit28_41                         bitbssBANK0      00115
__ccovbit29_42                         bitbssBANK0      00114
__ccovbit2_6                           bitbssCOMMON     0038F
__ccovbit33_43                         bitbssBANK0      00113
__ccovbit38_44                         bitbssBANK0      00112
__ccovbit3_22                          bitbssBANK0      00128
__ccovbit3_30                          bitbssBANK0      00120
__ccovbit3_4                           bitbssCOMMON     00391
__ccovbit40_45                         bitbssBANK0      00111
__ccovbit41_46                         bitbssBANK0      00110
__ccovbit46_47                         bitbssBANK0      0010F
__ccovbit48_48                         bitbssBANK0      0010E
__ccovbit4_31                          bitbssBANK0      0011F
__ccovbit50_1                          bitbssCOMMON     00394
__ccovbit51_49                         bitbssBANK0      0010D
__ccovbit65_2                          bitbssCOMMON     00393
__ccovbit67_50                         bitbssBANK0      0010C
__ccovbit68_3                          bitbssCOMMON     00392
__ccovbit68_51                         bitbssBANK0      0010B
__ccovbit6_32                          bitbssBANK0      0011E
__ccovbit6_7                           bitbssCOMMON     0038E
__ccovbit70_52                         bitbssBANK0      0010A
__ccovbit71_53                         bitbssBANK0      00109
__ccovbit7_23                          bitbssBANK0      00127
__ccovbit7_33                          bitbssBANK0      0011D
__ccovbit82_54                         bitbssBANK0      00108
__ccovbit8_34                          bitbssBANK0      0011C
__end_of___awdiv                       text14           00397
__end_of__initialization               cinit            00088
__end_of_checkState1                   text7            001F4
__end_of_disable_external_interrupt    text13           00413
__end_of_disable_watchdog_timer        text12           0040D
__end_of_enable_external_interrupt     text11           00410
__end_of_enable_watchdog_timer         text10           00409
__end_of_getBatteryVoltage             text9            003CD
__end_of_main                          maintext         002CC
__end_of_my_isr                        intentry         00071
__end_of_set_watchdog_timer_128ms      text8            003FF
__end_of_set_watchdog_timer_1s         text5            003F8
__end_of_set_watchdog_timer_256ms      text4            003F1
__end_of_set_watchdog_timer_256s       text3            003EA
__end_of_set_watchdog_timer_4s         text2            003E3
__end_of_timer2_init                   text6            003DC
__end_of_watch_dog_incrementing_timer  text1            00337
__initialization                       cinit            00075
__pbitbssBANK0                         bitbssBANK0      00108
__pbitbssCOMMON                        bitbssCOMMON     00380
__pbssBANK0                            bssBANK0         00026
__pbssCOMMON                           bssCOMMON        0007C
__pcodecov_info                        codecov_info     00000
__pcodecov_info_hdr                    codecov_info_hdr 00000
__pcstackBANK0                         cstackBANK0      00040
__pcstackCOMMON                        cstackCOMMON     00073
__pintentry                            intentry         00004
__pmaintext                            maintext         001F4
__ptext1                               text1            002CC
__ptext10                              text10           00405
__ptext11                              text11           0040D
__ptext12                              text12           00409
__ptext13                              text13           00410
__ptext14                              text14           00337
__ptext2                               text2            003DC
__ptext3                               text3            003E3
__ptext4                               text4            003EA
__ptext5                               text5            003F1
__ptext6                               text6            003CD
__ptext7                               text7            0008B
__ptext8                               text8            003F8
__ptext9                               text9            00397
__size_of___awdiv                      (abs)            00000
__size_of_checkState1                  (abs)            00000
__size_of_disable_external_interrupt   (abs)            00000
__size_of_disable_watchdog_timer       (abs)            00000
__size_of_enable_external_interrupt    (abs)            00000
__size_of_enable_watchdog_timer        (abs)            00000
__size_of_getBatteryVoltage            (abs)            00000
__size_of_main                         (abs)            00000
__size_of_my_isr                       (abs)            00000
__size_of_set_watchdog_timer_128ms     (abs)            00000
__size_of_set_watchdog_timer_1s        (abs)            00000
__size_of_set_watchdog_timer_256ms     (abs)            00000
__size_of_set_watchdog_timer_256s      (abs)            00000
__size_of_set_watchdog_timer_4s        (abs)            00000
__size_of_timer2_init                  (abs)            00000
__size_of_watch_dog_incrementing_timer (abs)            00000
_checkState1                           text7            0008B
_disable_external_interrupt            text13           00410
_disable_watchdog_timer                text12           00409
_enable_external_interrupt             text11           0040D
_enable_watchdog_timer                 text10           00405
_getBatteryVoltage                     text9            00397
_ihcPulseTimer                         bssBANK0         00034
_main                                  maintext         001F4
_millivolts                            bssBANK0         00038
_my_isr                                intentry         00004
_prelCounter                           bssBANK0         00036
_set_watchdog_timer_128ms              text8            003F8
_set_watchdog_timer_1s                 text5            003F1
_set_watchdog_timer_256ms              text4            003EA
_set_watchdog_timer_256s               text3            003E3
_set_watchdog_timer_4s                 text2            003DC
_sleep_128ms_counter                   bssBANK0         00030
_sleep_1s_counter                      bssBANK0         0002C
_sleep_256ms_counter                   bssBANK0         0002E
_sleep_256s_counter                    bssBANK0         00028
_sleep_4s_counter                      bssBANK0         0002A
_sleep_64ms_counter                    bssBANK0         00032
_state_door                            bssBANK0         0003F
_state_machine                         bssBANK0         0003E
_timer2_init                           text6            003CD
_watch_dog_incrementing_timer          text1            002CC
btemp                                  (abs)            0007E
clear_ram0                             clrtext          003FF
end_of_initialization                  cinit            00088
getBatteryVoltage@adc_val              cstackCOMMON     0007A
int$flags                              (abs)            0007E
intlevel0                              functab          00000
intlevel1                              functab          00000
intlevel2                              functab          00000
intlevel3                              functab          00000
intlevel4                              functab          00000
intlevel5                              functab          00000
reset_vec                              reset_vec        00000
start                                  init             00071
start_initialization                   cinit            00075
wtemp0                                 (abs)            0007E


MODULE INFORMATION

Module		Function		Class		Link	Load	Size
statemachine.c
		_checkState1   		CODE           	008B	0000	361

statemachine.c estimated size: 361

C:\Program Files\Microchip\xc8\v2.32\pic\sources\c99\common\awdiv.c
		___awdiv       		CODE           	0337	0000	96

C:\Program Files\Microchip\xc8\v2.32\pic\sources\c99\common\awdiv.c estimated size: 96

shared
		__initialization		CODE           	0075	0000	19

shared estimated size: 19

main.c
		_set_watchdog_timer_256ms		CODE           	03EA	0000	7
		_set_watchdog_timer_1s		CODE           	03F1	0000	7
		_set_watchdog_timer_128ms		CODE           	03F8	0000	7
		_timer2_init   		CODE           	03CD	0000	15
		_set_watchdog_timer_256s		CODE           	03E3	0000	7
		_disable_watchdog_timer		CODE           	0409	0000	4
		_main          		CODE           	01F4	0000	216
		_set_watchdog_timer_4s		CODE           	03DC	0000	7
		_disable_external_interrupt		CODE           	0410	0000	3
		_enable_watchdog_timer		CODE           	0405	0000	4
		_enable_external_interrupt		CODE           	040D	0000	3
		_getBatteryVoltage		CODE           	0397	0000	54
		_watch_dog_incrementing_timer		CODE           	02CC	0000	107
		_my_isr        		CODE           	0004	0000	109

main.c estimated size: 550

